15-03-2025 23:15:54.593 INFO  --- [com.kaiasia.app.AppApplication          ] - Starting AppApplication using Java 1.8.0_191 on DESKTOP-RJMUS47 with PID 17352 (D:\TT\Bank\account_api\target\classes started by Truong in D:\TT\Bank\account_api)
15-03-2025 23:15:54.600 DEBUG --- [com.kaiasia.app.AppApplication          ] - Running with Spring Boot v2.7.2, Spring v5.3.22
15-03-2025 23:15:54.601 INFO  --- [com.kaiasia.app.AppApplication          ] - No active profile set, falling back to 1 default profile: "default"
15-03-2025 23:15:58.265 DEBUG --- [com.kaiasia.app.register.ServiceRegister] - Found 2 classes with annotation SeabService
15-03-2025 23:15:59.183 INFO  --- [com.kaiasia.app.AppApplication          ] - Started AppApplication in 5.594 seconds (JVM running for 7.065)
15-03-2025 23:18:03.244 INFO  --- [com.kaiasia.app.core.MainRestController ] - MsgFromClient_Receive:ApiRequest(header=ApiHeader(reqType=REQUEST, api=ACCOUNT_API, apiKey=accountq51klfoni1ezxl5f2ckpfx248, channel=API, location=PC/IOS, requestAPI=FE API, requestNode=node 01, duration=null, priority=1, context=null, synasyn=false), body={command=GET_ENQUIRY, enquiry={authenType=getAccList, sessionId=281692_1738643940211_d5ad8f45034347db9595b0b63d4adfcb, customerID=281692, accountType=All}, status=OK}, _reqId=null, _rejectCounter=null, _sendTime=null, _command=null, _authenType=null, _timeOut=null)
15-03-2025 23:18:03.250 DEBUG --- [com.kaiasia.app.register.ServiceRegister] - Execute method validate for AuthenType: VALIDATE_getAccList
15-03-2025 23:18:03.317 INFO  --- [com.kaiasia.app.core.ValidateImpl       ] - 000 OK
15-03-2025 23:18:03.318 INFO  --- [com.kaiasia.app.core.MainRestController ] - 1742055483318000_0000_2585b3f576584e68a1163a3fe02276f7#[API-BEGIN]
15-03-2025 23:18:03.333 INFO  --- [com.kaiasia.app.core.dao.APIDaoManager  ] - InsertAPIReqs()1742055483318000_0000_2585b3f576584e68a1163a3fe02276f7#BEGIN
15-03-2025 23:18:03.343 INFO  --- [com.kaiasia.app.core.dao.APIDaoManager  ] - InsertAPIReqs()1742055483318000_0000_2585b3f576584e68a1163a3fe02276f7#END
15-03-2025 23:18:03.344 INFO  --- [com.kaiasia.app.core.ProcessService     ] - 1742055483318000_0000_2585b3f576584e68a1163a3fe02276f7##pushApiReqToQueue#Duration:26
15-03-2025 23:18:03.848 INFO  --- [com.kaiasia.app.core.ProcessThread      ] - checkTimeInQueue: 0
15-03-2025 23:18:03.848 DEBUG --- [com.kaiasia.app.core.ProcessImpl        ] - received msg: ApiRequest(header=ApiHeader(reqType=REQUEST, api=ACCOUNT_API, apiKey=accountq51klfoni1ezxl5f2ckpfx248, channel=API, location=PC/IOS, requestAPI=FE API, requestNode=node 01, duration=null, priority=1, context=null, synasyn=false), body={command=GET_ENQUIRY, enquiry={authenType=getAccList, sessionId=281692_1738643940211_d5ad8f45034347db9595b0b63d4adfcb, customerID=281692, accountType=All}, status=OK}, _reqId=1742055483318000_0000_2585b3f576584e68a1163a3fe02276f7, _rejectCounter=null, _sendTime=null, _command=null, _authenType=null, _timeOut=null)
15-03-2025 23:18:03.848 DEBUG --- [com.kaiasia.app.register.ServiceRegister] - Execute method AuthenType: getAccList
15-03-2025 23:18:03.849 INFO  --- [ms.apiclient.client.common.ApiCallClient] - AccountList-281692_1738643940211_d5ad8f45034347db9595b0b63d4adfcb-1742055483848#begin call api AUTH_API
15-03-2025 23:18:06.970 ERROR --- [ms.apiclient.client.common.ApiCallClient] - AccountList-281692_1738643940211_d5ad8f45034347db9595b0b63d4adfcb-1742055483848#while calling api AUTH_API: I/O error on POST request for "http://14.225.254.212:8087/AUTH_API/process": Connection refused: connect; nested exception is java.net.ConnectException: Connection refused: connect
15-03-2025 23:18:06.972 ERROR --- [ms.apiclient.client.common.ApiCallClient] - {}#exception {}
org.springframework.web.client.ResourceAccessException: I/O error on POST request for "http://14.225.254.212:8087/AUTH_API/process": Connection refused: connect; nested exception is java.net.ConnectException: Connection refused: connect
	at org.springframework.web.client.RestTemplate.doExecute(RestTemplate.java:785)
	at org.springframework.web.client.RestTemplate.execute(RestTemplate.java:711)
	at org.springframework.web.client.RestTemplate.postForObject(RestTemplate.java:437)
	at ms.apiclient.client.common.ApiRestTemplate.call(ApiRestTemplate.java:25)
	at ms.apiclient.client.common.ApiCallClient.call(ApiCallClient.java:36)
	at ms.apiclient.authen.AuthenClient.takeSession(AuthenClient.java:33)
	at com.kaiasia.app.service.account.service.AccountService.lambda$process$0(AccountService.java:68)
	at com.kaiasia.app.service.account.exception.ExceptionHandler.handle(ExceptionHandler.java:32)
	at com.kaiasia.app.service.account.service.AccountService.process(AccountService.java:59)
	at sun.reflect.NativeMethodAccessorImpl.invoke0(Native Method)
	at sun.reflect.NativeMethodAccessorImpl.invoke(NativeMethodAccessorImpl.java:62)
	at sun.reflect.DelegatingMethodAccessorImpl.invoke(DelegatingMethodAccessorImpl.java:43)
	at java.lang.reflect.Method.invoke(Method.java:498)
	at com.kaiasia.app.register.RequestProcessor.execute(RequestProcessor.java:27)
	at com.kaiasia.app.register.ServiceRegister.processAuthenType(ServiceRegister.java:112)
	at com.kaiasia.app.core.ProcessImpl.process(ProcessImpl.java:52)
	at com.kaiasia.app.core.ProcessThread.process(ProcessThread.java:81)
	at com.kaiasia.app.core.job.ApiResTask.execute(ApiResTask.java:25)
	at com.kaiasia.app.core.async.KaiTask.run(KaiTask.java:26)
	at java.util.concurrent.ThreadPoolExecutor.runWorker(ThreadPoolExecutor.java:1149)
	at java.util.concurrent.ThreadPoolExecutor$Worker.run(ThreadPoolExecutor.java:624)
	at java.lang.Thread.run(Thread.java:748)
Caused by: java.net.ConnectException: Connection refused: connect
	at java.net.DualStackPlainSocketImpl.waitForConnect(Native Method)
	at java.net.DualStackPlainSocketImpl.socketConnect(DualStackPlainSocketImpl.java:85)
	at java.net.AbstractPlainSocketImpl.doConnect(AbstractPlainSocketImpl.java:350)
	at java.net.AbstractPlainSocketImpl.connectToAddress(AbstractPlainSocketImpl.java:206)
	at java.net.AbstractPlainSocketImpl.connect(AbstractPlainSocketImpl.java:188)
	at java.net.PlainSocketImpl.connect(PlainSocketImpl.java:172)
	at java.net.SocksSocketImpl.connect(SocksSocketImpl.java:392)
	at java.net.Socket.connect(Socket.java:589)
	at sun.net.NetworkClient.doConnect(NetworkClient.java:175)
	at sun.net.www.http.HttpClient.openServer(HttpClient.java:463)
	at sun.net.www.http.HttpClient.openServer(HttpClient.java:558)
	at sun.net.www.http.HttpClient.<init>(HttpClient.java:242)
	at sun.net.www.http.HttpClient.New(HttpClient.java:339)
	at sun.net.www.http.HttpClient.New(HttpClient.java:357)
	at sun.net.www.protocol.http.HttpURLConnection.getNewHttpClient(HttpURLConnection.java:1220)
	at sun.net.www.protocol.http.HttpURLConnection.plainConnect0(HttpURLConnection.java:1156)
	at sun.net.www.protocol.http.HttpURLConnection.plainConnect(HttpURLConnection.java:1050)
	at sun.net.www.protocol.http.HttpURLConnection.connect(HttpURLConnection.java:984)
	at org.springframework.http.client.SimpleBufferingClientHttpRequest.executeInternal(SimpleBufferingClientHttpRequest.java:76)
	at org.springframework.http.client.AbstractBufferingClientHttpRequest.executeInternal(AbstractBufferingClientHttpRequest.java:48)
	at org.springframework.http.client.AbstractClientHttpRequest.execute(AbstractClientHttpRequest.java:66)
	at org.springframework.web.client.RestTemplate.doExecute(RestTemplate.java:776)
	... 21 common frames omitted
15-03-2025 23:18:07.000 ERROR --- [com.kaiasia.app.service.account.service.AccountService] - AccountList-281692_1738643940211_d5ad8f45034347db9595b0b63d4adfcb-1742055483848#After call Auth-1:ApiError(code=998, desc=Timeout)
15-03-2025 23:18:07.003 INFO  --- [com.kaiasia.app.core.ProcessThread      ] - 1742055483318000_0000_2585b3f576584e68a1163a3fe02276f7#saveResponse#Duration: 3
15-03-2025 23:18:07.055 INFO  --- [com.kaiasia.app.core.MainRestController ] - 1742055483318000_0000_2585b3f576584e68a1163a3fe02276f7##END
15-03-2025 23:18:07.055 INFO  --- [com.kaiasia.app.core.MainRestController ] - 1742055483318000_0000_2585b3f576584e68a1163a3fe02276f7#MsgFromClient_Response:ApiResponse(header=ApiHeader(reqType=RESPONSE, api=ACCOUNT_API, apiKey=accountq51klfoni1ezxl5f2ckpfx248, channel=API, location=PC/IOS, requestAPI=FE API, requestNode=node 01, duration=3669, priority=1, context=null, synasyn=false), body={status=FAILE}, error=ApiError(code=998, desc=Timeout))#Total time: 3811
