01-04-2025 12:05:21.230 INFO  --- [com.kaiasia.app.AppApplication          ] - Starting AppApplication using Java 1.8.0_191 on DESKTOP-RJMUS47 with PID 5624 (D:\TT\Bank\t24_api\target\classes started by Truong in D:\TT\Bank\t24_api)
01-04-2025 12:05:21.240 DEBUG --- [com.kaiasia.app.AppApplication          ] - Running with Spring Boot v2.7.2, Spring v5.3.22
01-04-2025 12:05:21.242 INFO  --- [com.kaiasia.app.AppApplication          ] - No active profile set, falling back to 1 default profile: "default"
01-04-2025 12:05:26.208 DEBUG --- [com.kaiasia.app.register.ServiceRegister] - Found 10 classes with annotation SeabService
01-04-2025 12:05:27.452 INFO  --- [com.kaiasia.app.AppApplication          ] - Started AppApplication in 7.001 seconds (JVM running for 8.32)
01-04-2025 12:05:36.527 INFO  --- [com.kaiasia.app.core.MainRestController ] - MsgFromClient_Receive:ApiRequest(header=ApiHeader(reqType=REQUEST, api=T24_API, apiKey=VDI0X1VUSUxfQVBJ, channel=API, location=PC/IOS, requestAPI=FE API, requestNode=node 01, duration=null, priority=1, context=null, synasyn=false), body={command=GET_ENQUIRY, enquiry={authenType=KAI.API.ACCOUNT.GET.INFO, accountId=ACC001}, status=OK}, _reqId=null, _rejectCounter=null, _sendTime=null, _command=null, _authenType=null, _timeOut=null)
01-04-2025 12:05:36.539 DEBUG --- [com.kaiasia.app.register.ServiceRegister] - Execute method validate for AuthenType: VALIDATE_KAI.API.ACCOUNT.GET.INFO
01-04-2025 12:05:36.647 INFO  --- [com.kaiasia.app.core.ValidateImpl       ] - 000 OK
01-04-2025 12:05:36.647 INFO  --- [com.kaiasia.app.core.MainRestController ] - 1743483936647000_0000_7376b2a0d28a42dbbfb673263d25b400#[API-BEGIN]
01-04-2025 12:05:36.676 INFO  --- [com.kaiasia.app.core.dao.APIDaoManager  ] - InsertAPIReqs()1743483936647000_0000_7376b2a0d28a42dbbfb673263d25b400#BEGIN
01-04-2025 12:05:36.953 INFO  --- [com.kaiasia.app.core.dao.APIDaoManager  ] - InsertAPIReqs()1743483936647000_0000_7376b2a0d28a42dbbfb673263d25b400#END
01-04-2025 12:05:36.979 INFO  --- [com.kaiasia.app.core.ProcessService     ] - 1743483936647000_0000_7376b2a0d28a42dbbfb673263d25b400##pushApiReqToQueue#Duration:332
01-04-2025 12:05:37.521 INFO  --- [com.kaiasia.app.core.ProcessThread      ] - checkTimeInQueue: 0
01-04-2025 12:05:37.522 DEBUG --- [com.kaiasia.app.core.ProcessImpl        ] - received msg: ApiRequest(header=ApiHeader(reqType=REQUEST, api=T24_API, apiKey=VDI0X1VUSUxfQVBJ, channel=API, location=PC/IOS, requestAPI=FE API, requestNode=node 01, duration=null, priority=1, context=null, synasyn=false), body={command=GET_ENQUIRY, enquiry={authenType=KAI.API.ACCOUNT.GET.INFO, accountId=ACC001}, status=OK}, _reqId=1743483936647000_0000_7376b2a0d28a42dbbfb673263d25b400, _rejectCounter=null, _sendTime=null, _command=null, _authenType=null, _timeOut=null)
01-04-2025 12:05:37.522 DEBUG --- [com.kaiasia.app.register.ServiceRegister] - Execute method AuthenType: KAI.API.ACCOUNT.GET.INFO
01-04-2025 12:05:37.635 INFO  --- [com.kaiasia.app.core.ProcessThread      ] - 1743483936647000_0000_7376b2a0d28a42dbbfb673263d25b400#saveResponse#Duration: 53
01-04-2025 12:05:37.786 INFO  --- [com.kaiasia.app.core.MainRestController ] - 1743483936647000_0000_7376b2a0d28a42dbbfb673263d25b400##END
01-04-2025 12:05:37.786 INFO  --- [com.kaiasia.app.core.MainRestController ] - 1743483936647000_0000_7376b2a0d28a42dbbfb673263d25b400#MsgFromClient_Response:ApiResponse(header=ApiHeader(reqType=RESPONSE, api=T24_API, apiKey=VDI0X1VUSUxfQVBJ, channel=API, location=PC/IOS, requestAPI=FE API, requestNode=node 01, duration=908, priority=1, context=null, synasyn=false), body={status=FAILE}, error=ApiError(code=06, desc=Account Not Found#ACC001))#Total time: 1259
01-04-2025 12:06:15.747 INFO  --- [com.kaiasia.app.core.MainRestController ] - MsgFromClient_Receive:ApiRequest(header=ApiHeader(reqType=REQUEST, api=T24_API, apiKey=VDI0X1VUSUxfQVBJ, channel=API, location=PC/IOS, requestAPI=FE API, requestNode=node 01, duration=null, priority=1, context=null, synasyn=false), body={command=GET_ENQUIRY, enquiry={authenType=KAI.API.CUST.GET.INFO, customerId=281692}, status=OK}, _reqId=null, _rejectCounter=null, _sendTime=null, _command=null, _authenType=null, _timeOut=null)
01-04-2025 12:06:15.748 DEBUG --- [com.kaiasia.app.register.ServiceRegister] - Execute method validate for AuthenType: VALIDATE_KAI.API.CUST.GET.INFO
01-04-2025 12:06:15.751 INFO  --- [com.kaiasia.app.core.ValidateImpl       ] - 000 OK
01-04-2025 12:06:15.751 INFO  --- [com.kaiasia.app.core.MainRestController ] - 1743483975751000_0000_80bb0fba0e4c49328aa0dbf47e26ca7d#[API-BEGIN]
01-04-2025 12:06:15.781 INFO  --- [com.kaiasia.app.core.dao.APIDaoManager  ] - InsertAPIReqs()1743483975751000_0000_80bb0fba0e4c49328aa0dbf47e26ca7d#BEGIN
01-04-2025 12:06:16.057 INFO  --- [com.kaiasia.app.core.dao.APIDaoManager  ] - InsertAPIReqs()1743483975751000_0000_80bb0fba0e4c49328aa0dbf47e26ca7d#END
01-04-2025 12:06:16.082 INFO  --- [com.kaiasia.app.core.ProcessService     ] - 1743483975751000_0000_80bb0fba0e4c49328aa0dbf47e26ca7d##pushApiReqToQueue#Duration:331
01-04-2025 12:06:16.468 INFO  --- [com.kaiasia.app.core.ProcessThread      ] - checkTimeInQueue: 0
01-04-2025 12:06:16.468 DEBUG --- [com.kaiasia.app.core.ProcessImpl        ] - received msg: ApiRequest(header=ApiHeader(reqType=REQUEST, api=T24_API, apiKey=VDI0X1VUSUxfQVBJ, channel=API, location=PC/IOS, requestAPI=FE API, requestNode=node 01, duration=null, priority=1, context=null, synasyn=false), body={command=GET_ENQUIRY, enquiry={authenType=KAI.API.CUST.GET.INFO, customerId=281692}, status=OK}, _reqId=1743483975751000_0000_80bb0fba0e4c49328aa0dbf47e26ca7d, _rejectCounter=null, _sendTime=null, _command=null, _authenType=null, _timeOut=null)
01-04-2025 12:06:16.468 DEBUG --- [com.kaiasia.app.register.ServiceRegister] - Execute method AuthenType: KAI.API.CUST.GET.INFO
01-04-2025 12:06:16.545 INFO  --- [com.kaiasia.app.core.ProcessThread      ] - 1743483975751000_0000_80bb0fba0e4c49328aa0dbf47e26ca7d#saveResponse#Duration: 50
01-04-2025 12:06:16.572 INFO  --- [com.kaiasia.app.core.MainRestController ] - 1743483975751000_0000_80bb0fba0e4c49328aa0dbf47e26ca7d##END
01-04-2025 12:06:16.572 INFO  --- [com.kaiasia.app.core.MainRestController ] - 1743483975751000_0000_80bb0fba0e4c49328aa0dbf47e26ca7d#MsgFromClient_Response:ApiResponse(header=ApiHeader(reqType=RESPONSE, api=T24_API, apiKey=VDI0X1VUSUxfQVBJ, channel=API, location=PC/IOS, requestAPI=FE API, requestNode=node 01, duration=743, priority=1, context=null, synasyn=false), body={enquiry={id=281692, cifName=Vu Van Phai, legalId=00121235478, cifStatus=ACTIVE, language=VN, coCode=VN100001, phone=0123456789, email=phai.vu@gmail.com, country=VN, address=Hai Duong, legalDocName=CCCD, legalExpDate=null, customerType=IND}, status=OK}, error=null)#Total time: 825
01-04-2025 12:08:07.560 INFO  --- [com.kaiasia.app.AppApplication          ] - Starting AppApplication using Java 1.8.0_191 on DESKTOP-RJMUS47 with PID 11868 (D:\TT\Bank\t24_api\target\classes started by Truong in D:\TT\Bank\t24_api)
01-04-2025 12:08:07.562 DEBUG --- [com.kaiasia.app.AppApplication          ] - Running with Spring Boot v2.7.2, Spring v5.3.22
01-04-2025 12:08:07.563 INFO  --- [com.kaiasia.app.AppApplication          ] - No active profile set, falling back to 1 default profile: "default"
01-04-2025 12:08:12.405 DEBUG --- [com.kaiasia.app.register.ServiceRegister] - Found 10 classes with annotation SeabService
01-04-2025 12:08:13.555 INFO  --- [com.kaiasia.app.AppApplication          ] - Started AppApplication in 6.692 seconds (JVM running for 7.934)
